// Jest Snapshot v1, https://goo.gl/fbAQLP

exports[`Homepage snapshot test should render the page 1`] = `
<section
  className="mx-auto max-w-screen md:max-h-screen"
>
  <div
    className="mx-auto w-full flex flex-col p-10 mt-10 md:mt-0"
  >
    <h1
      className="mx-auto font-bold text-2xl text-black md:mt-[20px]"
    >
      Our Tours
    </h1>
    <p
      className="mx-auto text-gray-dark"
    >
      Please select one of our tours
    </p>
  </div>
  <div
    className="w-full flex flex-col gap-24 md:flex-row  md:justify-center md:items-center md:min-h-[80vh] md:gap-0"
  >
    <div
      className="hidden md:block"
    >
      <button
        className="bg-gray text-white max-w-[100px] py-3 pl-8 pr-3 rounded-br-full rounded-tr-full font-semibold"
        onClick={[Function]}
        type="button"
      >
        <svg
          fill="currentColor"
          height="1em"
          stroke="currentColor"
          strokeWidth="0"
          style={
            Object {
              "color": undefined,
            }
          }
          viewBox="0 0 24 24"
          width="1em"
          xmlns="http://www.w3.org/2000/svg"
        >
          <path
            d="M18.464 2.114a.998.998 0 0 0-1.033.063l-13 9a1.003 1.003 0 0 0 0 1.645l13 9A1 1 0 0 0 19 21V3a1 1 0 0 0-.536-.886zM17 19.091 6.757 12 17 4.909v14.182z"
          />
        </svg>
      </button>
    </div>
    <div
      className="md:max-w-xs rounded overflow-hidden mx-2 shadow-lg shadow-gray-dark md:pb-3  md:h-full"
    >
      <img
        alt="Tour"
        className="w-100 pb-5 mx-auto"
        src="https://upload.wikimedia.org/wikipedia/commons/thumb/e/e2/Blank_file.xcf/640px-Blank_file.xcf.png"
      />
      <h2
        className="text-center pb-5 text-black font-l font-bold"
      >
        loading ...
      </h2>
      <hr
        className="w-1/4 mx-auto"
      />
      <div
        className="flex flex-col flex-wrap text-center gap-3 pt-5"
      >
        <p
          className="font-medium text-black"
        >
          Location: loading ...
        </p>
        <p
          className="font-medium text-black"
        />
        <p
          className="font-medium text-black"
        />
      </div>
      <ul
        className="flex flex-row justify-center gap-4 pt-5"
      >
        <li
          className="border-solid border-2 rounded-full border-gray-dark"
        >
          <svg
            baseProfile="tiny"
            className="fill-gray-dark"
            fill="currentColor"
            height="1em"
            stroke="currentColor"
            strokeWidth="0"
            style={
              Object {
                "color": undefined,
              }
            }
            version="1.2"
            viewBox="0 0 24 24"
            width="1em"
            xmlns="http://www.w3.org/2000/svg"
          >
            <path
              d="M13 10h3v3h-3v7h-3v-7h-3v-3h3v-1.255c0-1.189.374-2.691 1.118-3.512.744-.823 1.673-1.233 2.786-1.233h2.096v3h-2.1c-.498 0-.9.402-.9.899v2.101z"
            />
          </svg>
        </li>
        <li
          className="border-solid border-2 rounded-full border-gray-dark"
        >
          <svg
            baseProfile="tiny"
            className="fill-gray-dark"
            fill="currentColor"
            height="1em"
            stroke="currentColor"
            strokeWidth="0"
            style={
              Object {
                "color": undefined,
              }
            }
            version="1.2"
            viewBox="0 0 24 24"
            width="1em"
            xmlns="http://www.w3.org/2000/svg"
          >
            <path
              d="M18.89 7.012c.808-.496 1.343-1.173 1.605-2.034-.786.417-1.569.703-2.351.861-.703-.756-1.593-1.14-2.66-1.14-1.043 0-1.924.366-2.643 1.078-.715.717-1.076 1.588-1.076 2.605 0 .309.039.585.117.819-3.076-.105-5.622-1.381-7.628-3.837-.34.601-.51 1.213-.51 1.846 0 1.301.549 2.332 1.645 3.089-.625-.053-1.176-.211-1.645-.47 0 .929.273 1.705.82 2.388.549.676 1.254 1.107 2.115 1.291-.312.08-.641.118-.979.118-.312 0-.533-.026-.664-.083.23.757.664 1.371 1.291 1.841.625.472 1.344.721 2.152.743-1.332 1.045-2.855 1.562-4.578 1.562-.422 0-.721-.006-.902-.038 1.697 1.102 3.586 1.649 5.676 1.649 2.139 0 4.029-.542 5.674-1.626 1.645-1.078 2.859-2.408 3.639-3.974.784-1.564 1.172-3.192 1.172-4.892v-.468c.758-.57 1.371-1.212 1.84-1.921-.68.293-1.383.492-2.11.593z"
            />
          </svg>
        </li>
        <li
          className="border-solid border-2 rounded-full border-gray-dark"
        >
          <svg
            baseProfile="tiny"
            className="fill-gray-dark"
            fill="currentColor"
            height="1em"
            stroke="currentColor"
            strokeWidth="0"
            style={
              Object {
                "color": undefined,
              }
            }
            version="1.2"
            viewBox="0 0 24 24"
            width="1em"
            xmlns="http://www.w3.org/2000/svg"
          >
            <path
              d="M18 3h-12c-1.7 0-3 1.3-3 3v12c0 1.7 1.3 3 3 3h12c1.7 0 3-1.3 3-3v-12c0-1.7-1.3-3-3-3zm-6 6c1.7 0 3 1.3 3 3s-1.3 3-3 3-3-1.3-3-3 1.3-3 3-3zm3.8-2c0-.7.6-1.2 1.2-1.2s1.2.6 1.2 1.2-.5 1.2-1.2 1.2-1.2-.5-1.2-1.2zm2.2 12h-12c-.6 0-1-.4-1-1v-6h2c0 2.8 2.2 5 5 5s5-2.2 5-5h2v6c0 .6-.4 1-1 1z"
            />
          </svg>
        </li>
      </ul>
    </div>
    <div
      className="md:max-w-xs rounded overflow-hidden mx-2 shadow-lg shadow-gray-dark md:pb-3  md:h-full"
    >
      <img
        alt="Tour"
        className="w-100 pb-5 mx-auto"
        src="https://upload.wikimedia.org/wikipedia/commons/thumb/e/e2/Blank_file.xcf/640px-Blank_file.xcf.png"
      />
      <h2
        className="text-center pb-5 text-black font-l font-bold"
      >
        loading ...
      </h2>
      <hr
        className="w-1/4 mx-auto"
      />
      <div
        className="flex flex-col flex-wrap text-center gap-3 pt-5"
      >
        <p
          className="font-medium text-black"
        >
          Location: loading ...
        </p>
        <p
          className="font-medium text-black"
        />
        <p
          className="font-medium text-black"
        />
      </div>
      <ul
        className="flex flex-row justify-center gap-4 pt-5"
      >
        <li
          className="border-solid border-2 rounded-full border-gray-dark"
        >
          <svg
            baseProfile="tiny"
            className="fill-gray-dark"
            fill="currentColor"
            height="1em"
            stroke="currentColor"
            strokeWidth="0"
            style={
              Object {
                "color": undefined,
              }
            }
            version="1.2"
            viewBox="0 0 24 24"
            width="1em"
            xmlns="http://www.w3.org/2000/svg"
          >
            <path
              d="M13 10h3v3h-3v7h-3v-7h-3v-3h3v-1.255c0-1.189.374-2.691 1.118-3.512.744-.823 1.673-1.233 2.786-1.233h2.096v3h-2.1c-.498 0-.9.402-.9.899v2.101z"
            />
          </svg>
        </li>
        <li
          className="border-solid border-2 rounded-full border-gray-dark"
        >
          <svg
            baseProfile="tiny"
            className="fill-gray-dark"
            fill="currentColor"
            height="1em"
            stroke="currentColor"
            strokeWidth="0"
            style={
              Object {
                "color": undefined,
              }
            }
            version="1.2"
            viewBox="0 0 24 24"
            width="1em"
            xmlns="http://www.w3.org/2000/svg"
          >
            <path
              d="M18.89 7.012c.808-.496 1.343-1.173 1.605-2.034-.786.417-1.569.703-2.351.861-.703-.756-1.593-1.14-2.66-1.14-1.043 0-1.924.366-2.643 1.078-.715.717-1.076 1.588-1.076 2.605 0 .309.039.585.117.819-3.076-.105-5.622-1.381-7.628-3.837-.34.601-.51 1.213-.51 1.846 0 1.301.549 2.332 1.645 3.089-.625-.053-1.176-.211-1.645-.47 0 .929.273 1.705.82 2.388.549.676 1.254 1.107 2.115 1.291-.312.08-.641.118-.979.118-.312 0-.533-.026-.664-.083.23.757.664 1.371 1.291 1.841.625.472 1.344.721 2.152.743-1.332 1.045-2.855 1.562-4.578 1.562-.422 0-.721-.006-.902-.038 1.697 1.102 3.586 1.649 5.676 1.649 2.139 0 4.029-.542 5.674-1.626 1.645-1.078 2.859-2.408 3.639-3.974.784-1.564 1.172-3.192 1.172-4.892v-.468c.758-.57 1.371-1.212 1.84-1.921-.68.293-1.383.492-2.11.593z"
            />
          </svg>
        </li>
        <li
          className="border-solid border-2 rounded-full border-gray-dark"
        >
          <svg
            baseProfile="tiny"
            className="fill-gray-dark"
            fill="currentColor"
            height="1em"
            stroke="currentColor"
            strokeWidth="0"
            style={
              Object {
                "color": undefined,
              }
            }
            version="1.2"
            viewBox="0 0 24 24"
            width="1em"
            xmlns="http://www.w3.org/2000/svg"
          >
            <path
              d="M18 3h-12c-1.7 0-3 1.3-3 3v12c0 1.7 1.3 3 3 3h12c1.7 0 3-1.3 3-3v-12c0-1.7-1.3-3-3-3zm-6 6c1.7 0 3 1.3 3 3s-1.3 3-3 3-3-1.3-3-3 1.3-3 3-3zm3.8-2c0-.7.6-1.2 1.2-1.2s1.2.6 1.2 1.2-.5 1.2-1.2 1.2-1.2-.5-1.2-1.2zm2.2 12h-12c-.6 0-1-.4-1-1v-6h2c0 2.8 2.2 5 5 5s5-2.2 5-5h2v6c0 .6-.4 1-1 1z"
            />
          </svg>
        </li>
      </ul>
    </div>
    <div
      className="md:max-w-xs rounded overflow-hidden mx-2 shadow-lg shadow-gray-dark md:pb-3  md:h-full"
    >
      <img
        alt="Tour"
        className="w-100 pb-5 mx-auto"
        src="https://upload.wikimedia.org/wikipedia/commons/thumb/e/e2/Blank_file.xcf/640px-Blank_file.xcf.png"
      />
      <h2
        className="text-center pb-5 text-black font-l font-bold"
      >
        loading ...
      </h2>
      <hr
        className="w-1/4 mx-auto"
      />
      <div
        className="flex flex-col flex-wrap text-center gap-3 pt-5"
      >
        <p
          className="font-medium text-black"
        >
          Location: loading ...
        </p>
        <p
          className="font-medium text-black"
        />
        <p
          className="font-medium text-black"
        />
      </div>
      <ul
        className="flex flex-row justify-center gap-4 pt-5"
      >
        <li
          className="border-solid border-2 rounded-full border-gray-dark"
        >
          <svg
            baseProfile="tiny"
            className="fill-gray-dark"
            fill="currentColor"
            height="1em"
            stroke="currentColor"
            strokeWidth="0"
            style={
              Object {
                "color": undefined,
              }
            }
            version="1.2"
            viewBox="0 0 24 24"
            width="1em"
            xmlns="http://www.w3.org/2000/svg"
          >
            <path
              d="M13 10h3v3h-3v7h-3v-7h-3v-3h3v-1.255c0-1.189.374-2.691 1.118-3.512.744-.823 1.673-1.233 2.786-1.233h2.096v3h-2.1c-.498 0-.9.402-.9.899v2.101z"
            />
          </svg>
        </li>
        <li
          className="border-solid border-2 rounded-full border-gray-dark"
        >
          <svg
            baseProfile="tiny"
            className="fill-gray-dark"
            fill="currentColor"
            height="1em"
            stroke="currentColor"
            strokeWidth="0"
            style={
              Object {
                "color": undefined,
              }
            }
            version="1.2"
            viewBox="0 0 24 24"
            width="1em"
            xmlns="http://www.w3.org/2000/svg"
          >
            <path
              d="M18.89 7.012c.808-.496 1.343-1.173 1.605-2.034-.786.417-1.569.703-2.351.861-.703-.756-1.593-1.14-2.66-1.14-1.043 0-1.924.366-2.643 1.078-.715.717-1.076 1.588-1.076 2.605 0 .309.039.585.117.819-3.076-.105-5.622-1.381-7.628-3.837-.34.601-.51 1.213-.51 1.846 0 1.301.549 2.332 1.645 3.089-.625-.053-1.176-.211-1.645-.47 0 .929.273 1.705.82 2.388.549.676 1.254 1.107 2.115 1.291-.312.08-.641.118-.979.118-.312 0-.533-.026-.664-.083.23.757.664 1.371 1.291 1.841.625.472 1.344.721 2.152.743-1.332 1.045-2.855 1.562-4.578 1.562-.422 0-.721-.006-.902-.038 1.697 1.102 3.586 1.649 5.676 1.649 2.139 0 4.029-.542 5.674-1.626 1.645-1.078 2.859-2.408 3.639-3.974.784-1.564 1.172-3.192 1.172-4.892v-.468c.758-.57 1.371-1.212 1.84-1.921-.68.293-1.383.492-2.11.593z"
            />
          </svg>
        </li>
        <li
          className="border-solid border-2 rounded-full border-gray-dark"
        >
          <svg
            baseProfile="tiny"
            className="fill-gray-dark"
            fill="currentColor"
            height="1em"
            stroke="currentColor"
            strokeWidth="0"
            style={
              Object {
                "color": undefined,
              }
            }
            version="1.2"
            viewBox="0 0 24 24"
            width="1em"
            xmlns="http://www.w3.org/2000/svg"
          >
            <path
              d="M18 3h-12c-1.7 0-3 1.3-3 3v12c0 1.7 1.3 3 3 3h12c1.7 0 3-1.3 3-3v-12c0-1.7-1.3-3-3-3zm-6 6c1.7 0 3 1.3 3 3s-1.3 3-3 3-3-1.3-3-3 1.3-3 3-3zm3.8-2c0-.7.6-1.2 1.2-1.2s1.2.6 1.2 1.2-.5 1.2-1.2 1.2-1.2-.5-1.2-1.2zm2.2 12h-12c-.6 0-1-.4-1-1v-6h2c0 2.8 2.2 5 5 5s5-2.2 5-5h2v6c0 .6-.4 1-1 1z"
            />
          </svg>
        </li>
      </ul>
    </div>
    <div
      className="hidden md:block"
    >
      <button
        className="bg-gray text-white max-w-[100px] py-3 pl-3 pr-8 rounded-bl-full rounded-tl-full  font-semibold mx-5"
        onClick={[Function]}
        type="button"
      >
        <svg
          fill="currentColor"
          height="1em"
          stroke="currentColor"
          strokeWidth="0"
          style={
            Object {
              "color": undefined,
            }
          }
          viewBox="0 0 24 24"
          width="1em"
          xmlns="http://www.w3.org/2000/svg"
        >
          <path
            d="M5.536 21.886a1.004 1.004 0 0 0 1.033-.064l13-9a1 1 0 0 0 0-1.644l-13-9A.998.998 0 0 0 5 3v18a1 1 0 0 0 .536.886zM7 4.909 17.243 12 7 19.091V4.909z"
          />
        </svg>
      </button>
    </div>
  </div>
</section>
`;
